
========================================================================
  Tic Tac Pro — DGX Spark Training
========================================================================
  GPU       : NVIDIA GB10
  GPU Mem   : 121.7 GB
  SMs       : 48
  CPU cores : 20
  Duration  : 2.1 h
  Batch size: 65,536
  Buffer    : 10,000,000
  n_envs    : 512
  Train steps/collect: 64
  Hidden    : [1024, 512, 256]
  AMP       : BF16
  Compile   : inductor
  Mode      : vectorized (512 envs)
========================================================================

torch.compile enabled (Inductor backend)
GPUDQNAgent on cuda:0 | AMP=True (torch.bfloat16) | params=792,604 | model_mem=6.0MB | buffer=10,000,000 | batch=65,536

========================================================================
  DGX Spark Training — 2.1 hours
  Device    : cuda:0
  AMP dtype : torch.bfloat16
  Mode      : vectorized (512 envs)
  Batch     : 65,536  |  Buffer: 10,000,000
  Train steps / collect: 64
  ETA       : 2026-04-23 22:22:26
========================================================================

W0423 20:16:36.195000 86461 torch/_inductor/utils.py:1731] [0/0] Not enough SMs to use max_autotune_gemm mode

[20:17:27] Elapsed 0.02h | Remaining 2.08h
  Episodes:      9,728 | Grad steps:        704 | Buffer:    141,054
  Epsilon: 0.9895 | Loss: 0.1330 | LR: 3.00e-04
  Win rates (last 2,000): Red=35.9%  Blue=37.3%  Draw=26.9%
  Speed: 160 ep/s | Collect: 662ms | Train: 2543ms | GPU mem: 0.03 GB

[20:18:30] Elapsed 0.03h | Remaining 2.07h
  Episodes:     16,384 | Grad steps:      1,536 | Buffer:    237,417
  Epsilon: 0.9772 | Loss: 0.1265 | LR: 3.00e-04
  Win rates (last 2,000): Red=38.2%  Blue=35.9%  Draw=25.9%
  Speed: 132 ep/s | Collect: 667ms | Train: 3202ms | GPU mem: 0.03 GB

[20:19:35] Elapsed 0.05h | Remaining 2.05h
  Episodes:     23,040 | Grad steps:      2,368 | Buffer:    332,720
  Epsilon: 0.9651 | Loss: 0.1130 | LR: 3.00e-04
  Win rates (last 2,000): Red=38.8%  Blue=37.1%  Draw=24.1%
  Speed: 122 ep/s | Collect: 665ms | Train: 3516ms | GPU mem: 0.03 GB

[20:20:36] Elapsed 0.07h | Remaining 2.03h
  Episodes:     29,184 | Grad steps:      3,136 | Buffer:    419,058
  Epsilon: 0.9540 | Loss: 0.1021 | LR: 3.00e-04
  Win rates (last 2,000): Red=41.0%  Blue=37.9%  Draw=21.1%
  Speed: 117 ep/s | Collect: 662ms | Train: 3707ms | GPU mem: 0.03 GB

[20:21:37] Elapsed 0.09h | Remaining 2.01h
  Episodes:     35,328 | Grad steps:      3,904 | Buffer:    503,248
  Epsilon: 0.9431 | Loss: 0.0934 | LR: 3.00e-04
  Win rates (last 2,000): Red=40.8%  Blue=38.0%  Draw=21.2%
  Speed: 114 ep/s | Collect: 657ms | Train: 3846ms | GPU mem: 0.03 GB

[20:22:40] Elapsed 0.10h | Remaining 2.00h
  Episodes:     41,472 | Grad steps:      4,672 | Buffer:    586,234
  Epsilon: 0.9323 | Loss: 0.0824 | LR: 3.00e-04
  Win rates (last 2,000): Red=41.8%  Blue=37.7%  Draw=20.5%
  Speed: 111 ep/s | Collect: 652ms | Train: 3959ms | GPU mem: 0.03 GB

[20:23:44] Elapsed 0.12h | Remaining 1.98h
  Episodes:     47,616 | Grad steps:      5,440 | Buffer:    668,855
  Epsilon: 0.9216 | Loss: 0.0820 | LR: 3.00e-04
  Win rates (last 2,000): Red=41.8%  Blue=37.8%  Draw=20.5%
  Speed: 109 ep/s | Collect: 649ms | Train: 4057ms | GPU mem: 0.03 GB

[20:24:50] Elapsed 0.14h | Remaining 1.96h
  Episodes:     53,760 | Grad steps:      6,208 | Buffer:    751,232
  Epsilon: 0.9111 | Loss: 0.0725 | LR: 3.00e-04
  Win rates (last 2,000): Red=43.6%  Blue=37.8%  Draw=18.6%
  Speed: 107 ep/s | Collect: 646ms | Train: 4144ms | GPU mem: 0.03 GB

[20:25:50] Elapsed 0.16h | Remaining 1.94h
  Episodes:     59,392 | Grad steps:      6,912 | Buffer:    826,937
  Epsilon: 0.9015 | Loss: 0.0678 | LR: 3.00e-04
  Win rates (last 2,000): Red=46.2%  Blue=34.4%  Draw=19.4%
  Speed: 105 ep/s | Collect: 644ms | Train: 4214ms | GPU mem: 0.03 GB
  Checkpoint saved: checkpoints_spark/latest.pt

[20:26:52] Elapsed 0.17h | Remaining 1.93h
  Episodes:     65,024 | Grad steps:      7,616 | Buffer:    902,395
  Epsilon: 0.8920 | Loss: 0.0658 | LR: 3.00e-04
  Win rates (last 2,000): Red=45.5%  Blue=35.6%  Draw=18.9%
  Speed: 104 ep/s | Collect: 645ms | Train: 4279ms | GPU mem: 0.03 GB

[20:27:55] Elapsed 0.19h | Remaining 1.91h
  Episodes:     70,656 | Grad steps:      8,320 | Buffer:    977,324
  Epsilon: 0.8827 | Loss: 0.0667 | LR: 3.00e-04
  Win rates (last 2,000): Red=45.8%  Blue=36.5%  Draw=17.8%
  Speed: 103 ep/s | Collect: 643ms | Train: 4343ms | GPU mem: 0.03 GB

[20:28:58] Elapsed 0.21h | Remaining 1.89h
  Episodes:     76,288 | Grad steps:      9,024 | Buffer:  1,051,793
  Epsilon: 0.8734 | Loss: 0.0652 | LR: 3.00e-04
  Win rates (last 2,000): Red=45.0%  Blue=36.9%  Draw=18.2%
  Speed: 102 ep/s | Collect: 642ms | Train: 4399ms | GPU mem: 0.03 GB

[20:30:02] Elapsed 0.23h | Remaining 1.87h
  Episodes:     81,920 | Grad steps:      9,728 | Buffer:  1,126,354
  Epsilon: 0.8642 | Loss: 0.0652 | LR: 3.00e-04
  Win rates (last 2,000): Red=45.5%  Blue=36.2%  Draw=18.3%
  Speed: 101 ep/s | Collect: 641ms | Train: 4454ms | GPU mem: 0.03 GB

[20:31:07] Elapsed 0.24h | Remaining 1.86h
  Episodes:     87,552 | Grad steps:     10,432 | Buffer:  1,200,292
  Epsilon: 0.8551 | Loss: 0.0890 | LR: 3.00e-04
  Win rates (last 2,000): Red=47.5%  Blue=36.1%  Draw=16.3%
  Speed: 100 ep/s | Collect: 639ms | Train: 4505ms | GPU mem: 0.03 GB

[20:32:13] Elapsed 0.26h | Remaining 1.84h
  Episodes:     93,184 | Grad steps:     11,136 | Buffer:  1,270,332
  Epsilon: 0.8462 | Loss: 0.0807 | LR: 3.00e-04
  Win rates (last 2,000): Red=45.0%  Blue=40.6%  Draw=14.5%
  Speed: 99 ep/s | Collect: 636ms | Train: 4558ms | GPU mem: 0.03 GB

[20:33:13] Elapsed 0.28h | Remaining 1.82h
  Episodes:     98,304 | Grad steps:     11,776 | Buffer:  1,334,892
  Epsilon: 0.8381 | Loss: 0.0762 | LR: 3.00e-04
  Win rates (last 2,000): Red=45.9%  Blue=39.6%  Draw=14.5%
  Speed: 98 ep/s | Collect: 634ms | Train: 4603ms | GPU mem: 0.03 GB

[20:34:18] Elapsed 0.30h | Remaining 1.80h
  Episodes:    103,936 | Grad steps:     12,480 | Buffer:  1,406,442
  Epsilon: 0.8293 | Loss: 0.0731 | LR: 3.00e-04
  Win rates (last 2,000): Red=45.4%  Blue=40.2%  Draw=14.3%
  Speed: 96 ep/s | Collect: 633ms | Train: 4712ms | GPU mem: 0.03 GB

[20:35:19] Elapsed 0.31h | Remaining 1.79h
  Episodes:    109,056 | Grad steps:     13,120 | Buffer:  1,471,485
  Epsilon: 0.8214 | Loss: 0.0711 | LR: 3.00e-04
  Win rates (last 2,000): Red=43.5%  Blue=41.9%  Draw=14.5%
  Speed: 93 ep/s | Collect: 629ms | Train: 4862ms | GPU mem: 0.03 GB

[20:36:25] Elapsed 0.33h | Remaining 1.77h
  Episodes:    114,688 | Grad steps:     13,824 | Buffer:  1,543,014
  Epsilon: 0.8127 | Loss: 0.0691 | LR: 3.00e-04
  Win rates (last 2,000): Red=45.5%  Blue=39.5%  Draw=15.0%
  Speed: 92 ep/s | Collect: 626ms | Train: 4935ms | GPU mem: 0.03 GB
  Checkpoint saved: checkpoints_spark/latest.pt

[20:37:27] Elapsed 0.35h | Remaining 1.75h
  Episodes:    119,808 | Grad steps:     14,464 | Buffer:  1,608,671
  Epsilon: 0.8050 | Loss: 0.0689 | LR: 3.00e-04
  Win rates (last 2,000): Red=43.9%  Blue=41.2%  Draw=14.8%
  Speed: 91 ep/s | Collect: 623ms | Train: 5003ms | GPU mem: 0.03 GB

[20:38:29] Elapsed 0.37h | Remaining 1.73h
  Episodes:    124,928 | Grad steps:     15,104 | Buffer:  1,674,545
  Epsilon: 0.7973 | Loss: 0.0784 | LR: 3.00e-04
  Win rates (last 2,000): Red=44.0%  Blue=40.7%  Draw=15.3%
  Speed: 90 ep/s | Collect: 621ms | Train: 5070ms | GPU mem: 0.03 GB

[20:39:32] Elapsed 0.38h | Remaining 1.72h
  Episodes:    130,048 | Grad steps:     15,744 | Buffer:  1,743,686
  Epsilon: 0.7897 | Loss: 0.0789 | LR: 3.00e-04
  Win rates (last 2,000): Red=45.0%  Blue=38.0%  Draw=17.0%
  Speed: 89 ep/s | Collect: 620ms | Train: 5130ms | GPU mem: 0.03 GB

[20:40:35] Elapsed 0.40h | Remaining 1.70h
  Episodes:    135,168 | Grad steps:     16,384 | Buffer:  1,810,866
  Epsilon: 0.7821 | Loss: 0.0726 | LR: 3.00e-04
  Win rates (last 2,000): Red=46.9%  Blue=38.3%  Draw=14.8%
  Speed: 88 ep/s | Collect: 620ms | Train: 5189ms | GPU mem: 0.03 GB

[20:41:40] Elapsed 0.42h | Remaining 1.68h
  Episodes:    140,288 | Grad steps:     17,024 | Buffer:  1,878,287
  Epsilon: 0.7746 | Loss: 0.0695 | LR: 3.00e-04
  Win rates (last 2,000): Red=46.5%  Blue=37.5%  Draw=16.0%
  Speed: 87 ep/s | Collect: 621ms | Train: 5259ms | GPU mem: 0.03 GB

[20:42:45] Elapsed 0.44h | Remaining 1.66h
  Episodes:    145,408 | Grad steps:     17,664 | Buffer:  1,947,165
  Epsilon: 0.7672 | Loss: 0.0657 | LR: 3.00e-04
  Win rates (last 2,000): Red=44.8%  Blue=38.9%  Draw=16.3%
  Speed: 86 ep/s | Collect: 622ms | Train: 5317ms | GPU mem: 0.03 GB

[20:43:50] Elapsed 0.46h | Remaining 1.64h
  Episodes:    150,528 | Grad steps:     18,304 | Buffer:  2,015,068
  Epsilon: 0.7599 | Loss: 0.0635 | LR: 3.00e-04
  Win rates (last 2,000): Red=46.6%  Blue=37.2%  Draw=16.2%
  Speed: 85 ep/s | Collect: 622ms | Train: 5375ms | GPU mem: 0.03 GB

[20:44:54] Elapsed 0.47h | Remaining 1.63h
  Episodes:    155,648 | Grad steps:     18,944 | Buffer:  2,083,190
  Epsilon: 0.7526 | Loss: 0.0610 | LR: 3.00e-04
  Win rates (last 2,000): Red=46.0%  Blue=37.8%  Draw=16.2%
  Speed: 85 ep/s | Collect: 622ms | Train: 5418ms | GPU mem: 0.03 GB

[20:45:57] Elapsed 0.49h | Remaining 1.61h
  Episodes:    160,768 | Grad steps:     19,584 | Buffer:  2,151,075
  Epsilon: 0.7455 | Loss: 0.0632 | LR: 3.00e-04
  Win rates (last 2,000): Red=45.2%  Blue=37.4%  Draw=17.4%
  Speed: 84 ep/s | Collect: 622ms | Train: 5461ms | GPU mem: 0.03 GB
  Checkpoint saved: checkpoints_spark/latest.pt

[20:47:00] Elapsed 0.51h | Remaining 1.59h
  Episodes:    165,888 | Grad steps:     20,224 | Buffer:  2,220,026
  Epsilon: 0.7383 | Loss: 0.0744 | LR: 3.00e-04
  Win rates (last 2,000): Red=40.6%  Blue=40.6%  Draw=18.8%
  Speed: 84 ep/s | Collect: 623ms | Train: 5494ms | GPU mem: 0.03 GB

[20:48:05] Elapsed 0.53h | Remaining 1.57h
  Episodes:    171,008 | Grad steps:     20,864 | Buffer:  2,287,863
  Epsilon: 0.7313 | Loss: 0.0592 | LR: 3.00e-04
  Win rates (last 2,000): Red=43.1%  Blue=41.3%  Draw=15.5%
  Speed: 83 ep/s | Collect: 623ms | Train: 5535ms | GPU mem: 0.03 GB

[20:49:11] Elapsed 0.55h | Remaining 1.55h
  Episodes:    176,128 | Grad steps:     21,504 | Buffer:  2,356,518
  Epsilon: 0.7243 | Loss: 0.0579 | LR: 3.00e-04
  Win rates (last 2,000): Red=40.8%  Blue=43.0%  Draw=16.2%
  Speed: 83 ep/s | Collect: 625ms | Train: 5575ms | GPU mem: 0.03 GB

[20:50:16] Elapsed 0.56h | Remaining 1.54h
  Episodes:    181,248 | Grad steps:     22,144 | Buffer:  2,425,629
  Epsilon: 0.7174 | Loss: 0.0560 | LR: 3.00e-04
  Win rates (last 2,000): Red=43.7%  Blue=41.0%  Draw=15.2%
  Speed: 82 ep/s | Collect: 626ms | Train: 5609ms | GPU mem: 0.03 GB

[20:51:16] Elapsed 0.58h | Remaining 1.52h
  Episodes:    185,856 | Grad steps:     22,720 | Buffer:  2,488,148
  Epsilon: 0.7112 | Loss: 0.0564 | LR: 3.00e-04
  Win rates (last 2,000): Red=43.2%  Blue=42.2%  Draw=14.5%
  Speed: 82 ep/s | Collect: 627ms | Train: 5648ms | GPU mem: 0.03 GB

[20:52:22] Elapsed 0.60h | Remaining 1.50h
  Episodes:    190,976 | Grad steps:     23,360 | Buffer:  2,557,798
  Epsilon: 0.7044 | Loss: 0.0560 | LR: 3.00e-04
  Win rates (last 2,000): Red=42.5%  Blue=42.4%  Draw=15.0%
  Speed: 81 ep/s | Collect: 630ms | Train: 5680ms | GPU mem: 0.03 GB

[20:53:23] Elapsed 0.62h | Remaining 1.48h
  Episodes:    195,584 | Grad steps:     23,936 | Buffer:  2,620,333
  Epsilon: 0.6983 | Loss: 0.0561 | LR: 3.00e-04
  Win rates (last 2,000): Red=42.3%  Blue=41.3%  Draw=16.4%
  Speed: 81 ep/s | Collect: 633ms | Train: 5711ms | GPU mem: 0.03 GB

[20:54:25] Elapsed 0.63h | Remaining 1.47h
  Episodes:    200,192 | Grad steps:     24,512 | Buffer:  2,683,376
  Epsilon: 0.6923 | Loss: 0.0560 | LR: 3.00e-04
  Win rates (last 2,000): Red=39.9%  Blue=43.8%  Draw=16.4%
  Speed: 80 ep/s | Collect: 636ms | Train: 5748ms | GPU mem: 0.03 GB

[20:55:27] Elapsed 0.65h | Remaining 1.45h
  Episodes:    204,800 | Grad steps:     25,088 | Buffer:  2,746,290
  Epsilon: 0.6864 | Loss: 0.0603 | LR: 3.00e-04
  Win rates (last 2,000): Red=43.1%  Blue=41.0%  Draw=15.9%
  Speed: 80 ep/s | Collect: 638ms | Train: 5789ms | GPU mem: 0.03 GB

[20:56:29] Elapsed 0.67h | Remaining 1.43h
  Episodes:    209,408 | Grad steps:     25,664 | Buffer:  2,810,236
  Epsilon: 0.6805 | Loss: 0.0558 | LR: 3.00e-04
  Win rates (last 2,000): Red=41.4%  Blue=42.4%  Draw=16.2%
  Speed: 79 ep/s | Collect: 641ms | Train: 5824ms | GPU mem: 0.03 GB
  Checkpoint saved: checkpoints_spark/latest.pt

[20:57:32] Elapsed 0.68h | Remaining 1.42h
  Episodes:    214,016 | Grad steps:     26,240 | Buffer:  2,874,801
  Epsilon: 0.6746 | Loss: 0.0538 | LR: 3.00e-04
  Win rates (last 2,000): Red=40.5%  Blue=40.6%  Draw=18.9%
  Speed: 79 ep/s | Collect: 644ms | Train: 5870ms | GPU mem: 0.03 GB

[20:58:35] Elapsed 0.70h | Remaining 1.40h
  Episodes:    218,624 | Grad steps:     26,816 | Buffer:  2,939,699
  Epsilon: 0.6688 | Loss: 0.0543 | LR: 3.00e-04
  Win rates (last 2,000): Red=43.0%  Blue=39.2%  Draw=17.7%
  Speed: 78 ep/s | Collect: 647ms | Train: 5908ms | GPU mem: 0.03 GB

[20:59:37] Elapsed 0.72h | Remaining 1.38h
  Episodes:    223,232 | Grad steps:     27,392 | Buffer:  3,004,585
  Epsilon: 0.6631 | Loss: 0.0544 | LR: 3.00e-04
  Win rates (last 2,000): Red=41.4%  Blue=40.9%  Draw=17.6%
  Speed: 78 ep/s | Collect: 651ms | Train: 5931ms | GPU mem: 0.03 GB

[21:00:41] Elapsed 0.74h | Remaining 1.36h
  Episodes:    227,840 | Grad steps:     27,968 | Buffer:  3,069,262
  Epsilon: 0.6574 | Loss: 0.0549 | LR: 3.00e-04
  Win rates (last 2,000): Red=42.4%  Blue=39.4%  Draw=18.2%
  Speed: 77 ep/s | Collect: 654ms | Train: 5971ms | GPU mem: 0.03 GB

[21:01:45] Elapsed 0.76h | Remaining 1.34h
  Episodes:    232,448 | Grad steps:     28,544 | Buffer:  3,134,260
  Epsilon: 0.6517 | Loss: 0.0538 | LR: 3.00e-04
  Win rates (last 2,000): Red=43.1%  Blue=39.2%  Draw=17.6%
  Speed: 77 ep/s | Collect: 656ms | Train: 6005ms | GPU mem: 0.03 GB

[21:02:50] Elapsed 0.77h | Remaining 1.33h
  Episodes:    237,056 | Grad steps:     29,120 | Buffer:  3,199,248
  Epsilon: 0.6461 | Loss: 0.0543 | LR: 3.00e-04
  Win rates (last 2,000): Red=42.1%  Blue=39.2%  Draw=18.6%
  Speed: 76 ep/s | Collect: 658ms | Train: 6047ms | GPU mem: 0.03 GB

[21:03:55] Elapsed 0.79h | Remaining 1.31h
  Episodes:    241,664 | Grad steps:     29,696 | Buffer:  3,263,780
  Epsilon: 0.6405 | Loss: 0.0546 | LR: 3.00e-04
  Win rates (last 2,000): Red=40.8%  Blue=42.4%  Draw=16.8%
  Speed: 76 ep/s | Collect: 659ms | Train: 6074ms | GPU mem: 0.03 GB

[21:05:01] Elapsed 0.81h | Remaining 1.29h
  Episodes:    246,272 | Grad steps:     30,272 | Buffer:  3,328,637
  Epsilon: 0.6350 | Loss: 0.0554 | LR: 3.00e-04
  Win rates (last 2,000): Red=42.4%  Blue=38.9%  Draw=18.8%
  Speed: 76 ep/s | Collect: 661ms | Train: 6110ms | GPU mem: 0.03 GB

[21:06:06] Elapsed 0.83h | Remaining 1.27h
  Episodes:    250,880 | Grad steps:     30,848 | Buffer:  3,393,462
  Epsilon: 0.6296 | Loss: 0.0541 | LR: 3.00e-04
  Win rates (last 2,000): Red=43.4%  Blue=39.6%  Draw=17.0%
  Speed: 75 ep/s | Collect: 663ms | Train: 6140ms | GPU mem: 0.03 GB
  Checkpoint saved: checkpoints_spark/latest.pt

[21:07:13] Elapsed 0.85h | Remaining 1.25h
  Episodes:    255,488 | Grad steps:     31,424 | Buffer:  3,458,359
  Epsilon: 0.6242 | Loss: 0.0544 | LR: 3.00e-04
  Win rates (last 2,000): Red=41.9%  Blue=41.0%  Draw=17.1%
  Speed: 75 ep/s | Collect: 665ms | Train: 6182ms | GPU mem: 0.03 GB

[21:08:19] Elapsed 0.86h | Remaining 1.24h
  Episodes:    260,096 | Grad steps:     32,000 | Buffer:  3,523,193
  Epsilon: 0.6188 | Loss: 0.0530 | LR: 3.00e-04
  Win rates (last 2,000): Red=41.6%  Blue=41.2%  Draw=17.2%
  Speed: 74 ep/s | Collect: 668ms | Train: 6225ms | GPU mem: 0.03 GB

[21:09:27] Elapsed 0.88h | Remaining 1.22h
  Episodes:    264,704 | Grad steps:     32,576 | Buffer:  3,588,163
  Epsilon: 0.6135 | Loss: 0.0541 | LR: 3.00e-04
  Win rates (last 2,000): Red=41.9%  Blue=41.3%  Draw=16.8%
  Speed: 74 ep/s | Collect: 670ms | Train: 6273ms | GPU mem: 0.03 GB

[21:10:32] Elapsed 0.90h | Remaining 1.20h
  Episodes:    269,312 | Grad steps:     33,152 | Buffer:  3,653,515
  Epsilon: 0.6082 | Loss: 0.0534 | LR: 3.00e-04
  Win rates (last 2,000): Red=40.2%  Blue=42.9%  Draw=16.9%
  Speed: 73 ep/s | Collect: 672ms | Train: 6316ms | GPU mem: 0.03 GB

[21:11:40] Elapsed 0.92h | Remaining 1.18h
  Episodes:    273,920 | Grad steps:     33,728 | Buffer:  3,718,233
  Epsilon: 0.6029 | Loss: 0.0545 | LR: 3.00e-04
  Win rates (last 2,000): Red=43.6%  Blue=41.1%  Draw=15.3%
  Speed: 73 ep/s | Collect: 674ms | Train: 6360ms | GPU mem: 0.03 GB

[21:12:47] Elapsed 0.94h | Remaining 1.16h
  Episodes:    278,528 | Grad steps:     34,304 | Buffer:  3,783,270
  Epsilon: 0.5978 | Loss: 0.0536 | LR: 3.00e-04
  Win rates (last 2,000): Red=41.5%  Blue=42.4%  Draw=16.1%
  Speed: 72 ep/s | Collect: 675ms | Train: 6401ms | GPU mem: 0.03 GB

[21:13:48] Elapsed 0.96h | Remaining 1.14h
  Episodes:    282,624 | Grad steps:     34,816 | Buffer:  3,841,380
  Epsilon: 0.5932 | Loss: 0.0541 | LR: 3.00e-04
  Win rates (last 2,000): Red=41.3%  Blue=42.5%  Draw=16.2%
  Speed: 72 ep/s | Collect: 677ms | Train: 6442ms | GPU mem: 0.03 GB

[21:14:49] Elapsed 0.97h | Remaining 1.13h
  Episodes:    286,720 | Grad steps:     35,328 | Buffer:  3,899,340
  Epsilon: 0.5886 | Loss: 0.0555 | LR: 3.00e-04
  Win rates (last 2,000): Red=39.6%  Blue=43.0%  Draw=17.3%
  Speed: 72 ep/s | Collect: 679ms | Train: 6479ms | GPU mem: 0.03 GB

[21:15:57] Elapsed 0.99h | Remaining 1.11h
  Episodes:    291,328 | Grad steps:     35,904 | Buffer:  3,964,833
  Epsilon: 0.5836 | Loss: 0.0553 | LR: 3.00e-04
  Win rates (last 2,000): Red=40.2%  Blue=42.6%  Draw=17.2%
  Speed: 71 ep/s | Collect: 680ms | Train: 6519ms | GPU mem: 0.03 GB
  Checkpoint saved: checkpoints_spark/latest.pt

[21:16:59] Elapsed 1.01h | Remaining 1.09h
  Episodes:    295,424 | Grad steps:     36,416 | Buffer:  4,023,384
  Epsilon: 0.5791 | Loss: 0.0558 | LR: 3.00e-04
  Win rates (last 2,000): Red=38.1%  Blue=43.5%  Draw=18.4%
  Speed: 71 ep/s | Collect: 682ms | Train: 6562ms | GPU mem: 0.03 GB

[21:18:01] Elapsed 1.03h | Remaining 1.07h
  Episodes:    299,520 | Grad steps:     36,928 | Buffer:  4,081,961
  Epsilon: 0.5747 | Loss: 0.0536 | LR: 3.00e-04
  Win rates (last 2,000): Red=40.8%  Blue=41.5%  Draw=17.7%
  Speed: 70 ep/s | Collect: 683ms | Train: 6595ms | GPU mem: 0.03 GB

[21:19:02] Elapsed 1.04h | Remaining 1.06h
  Episodes:    303,616 | Grad steps:     37,440 | Buffer:  4,140,658
  Epsilon: 0.5703 | Loss: 0.0539 | LR: 3.00e-04
  Win rates (last 2,000): Red=41.0%  Blue=42.0%  Draw=17.0%
  Speed: 70 ep/s | Collect: 684ms | Train: 6626ms | GPU mem: 0.03 GB

[21:20:03] Elapsed 1.06h | Remaining 1.04h
  Episodes:    307,712 | Grad steps:     37,952 | Buffer:  4,199,523
  Epsilon: 0.5659 | Loss: 0.0551 | LR: 3.00e-04
  Win rates (last 2,000): Red=38.0%  Blue=42.6%  Draw=19.4%
  Speed: 70 ep/s | Collect: 686ms | Train: 6651ms | GPU mem: 0.03 GB

[21:21:07] Elapsed 1.08h | Remaining 1.02h
  Episodes:    311,808 | Grad steps:     38,464 | Buffer:  4,257,854
  Epsilon: 0.5616 | Loss: 0.0555 | LR: 3.00e-04
  Win rates (last 2,000): Red=40.9%  Blue=43.5%  Draw=15.6%
  Speed: 69 ep/s | Collect: 687ms | Train: 6697ms | GPU mem: 0.03 GB

[21:22:10] Elapsed 1.10h | Remaining 1.00h
  Episodes:    315,904 | Grad steps:     38,976 | Buffer:  4,316,689
  Epsilon: 0.5573 | Loss: 0.0551 | LR: 3.00e-04
  Win rates (last 2,000): Red=40.1%  Blue=42.0%  Draw=17.8%
  Speed: 69 ep/s | Collect: 688ms | Train: 6731ms | GPU mem: 0.03 GB

[21:23:15] Elapsed 1.11h | Remaining 0.99h
  Episodes:    320,000 | Grad steps:     39,488 | Buffer:  4,375,571
  Epsilon: 0.5530 | Loss: 0.0547 | LR: 3.00e-04
  Win rates (last 2,000): Red=40.4%  Blue=42.6%  Draw=17.0%
  Speed: 69 ep/s | Collect: 689ms | Train: 6775ms | GPU mem: 0.03 GB

[21:24:19] Elapsed 1.13h | Remaining 0.97h
  Episodes:    324,096 | Grad steps:     40,000 | Buffer:  4,434,322
  Epsilon: 0.5488 | Loss: 0.0542 | LR: 3.00e-04
  Win rates (last 2,000): Red=42.6%  Blue=40.5%  Draw=16.9%
  Speed: 68 ep/s | Collect: 690ms | Train: 6813ms | GPU mem: 0.03 GB

[21:25:24] Elapsed 1.15h | Remaining 0.95h
  Episodes:    328,192 | Grad steps:     40,512 | Buffer:  4,492,935
  Epsilon: 0.5446 | Loss: 0.0561 | LR: 3.00e-04
  Win rates (last 2,000): Red=42.4%  Blue=40.6%  Draw=16.9%
  Speed: 68 ep/s | Collect: 691ms | Train: 6860ms | GPU mem: 0.03 GB

[21:26:29] Elapsed 1.17h | Remaining 0.93h
  Episodes:    332,288 | Grad steps:     41,024 | Buffer:  4,551,551
  Epsilon: 0.5404 | Loss: 0.0558 | LR: 3.00e-04
  Win rates (last 2,000): Red=43.6%  Blue=39.8%  Draw=16.7%
  Speed: 67 ep/s | Collect: 692ms | Train: 6905ms | GPU mem: 0.03 GB
  Checkpoint saved: checkpoints_spark/latest.pt

[21:27:36] Elapsed 1.19h | Remaining 0.91h
  Episodes:    336,384 | Grad steps:     41,536 | Buffer:  4,610,137
  Epsilon: 0.5363 | Loss: 0.0568 | LR: 3.00e-04
  Win rates (last 2,000): Red=44.4%  Blue=39.4%  Draw=16.2%
  Speed: 67 ep/s | Collect: 692ms | Train: 6948ms | GPU mem: 0.03 GB

[21:28:40] Elapsed 1.20h | Remaining 0.90h
  Episodes:    340,480 | Grad steps:     42,048 | Buffer:  4,668,530
  Epsilon: 0.5322 | Loss: 0.0552 | LR: 3.00e-04
  Win rates (last 2,000): Red=45.1%  Blue=40.2%  Draw=14.7%
  Speed: 67 ep/s | Collect: 692ms | Train: 6980ms | GPU mem: 0.03 GB

[21:29:47] Elapsed 1.22h | Remaining 0.88h
  Episodes:    344,576 | Grad steps:     42,560 | Buffer:  4,726,718
  Epsilon: 0.5281 | Loss: 0.0565 | LR: 3.00e-04
  Win rates (last 2,000): Red=44.8%  Blue=41.1%  Draw=14.1%
  Speed: 66 ep/s | Collect: 694ms | Train: 7022ms | GPU mem: 0.03 GB

[21:30:52] Elapsed 1.24h | Remaining 0.86h
  Episodes:    348,672 | Grad steps:     43,072 | Buffer:  4,784,832
  Epsilon: 0.5241 | Loss: 0.0556 | LR: 3.00e-04
  Win rates (last 2,000): Red=42.6%  Blue=41.9%  Draw=15.4%
  Speed: 66 ep/s | Collect: 694ms | Train: 7056ms | GPU mem: 0.03 GB

[21:31:59] Elapsed 1.26h | Remaining 0.84h
  Episodes:    352,768 | Grad steps:     43,584 | Buffer:  4,843,461
  Epsilon: 0.5201 | Loss: 0.0559 | LR: 3.00e-04
  Win rates (last 2,000): Red=43.9%  Blue=40.3%  Draw=15.8%
  Speed: 66 ep/s | Collect: 695ms | Train: 7099ms | GPU mem: 0.03 GB

[21:33:06] Elapsed 1.28h | Remaining 0.82h
  Episodes:    356,864 | Grad steps:     44,096 | Buffer:  4,902,047
  Epsilon: 0.5161 | Loss: 0.0558 | LR: 3.00e-04
  Win rates (last 2,000): Red=42.8%  Blue=42.5%  Draw=14.6%
  Speed: 65 ep/s | Collect: 696ms | Train: 7139ms | GPU mem: 0.03 GB

[21:34:13] Elapsed 1.30h | Remaining 0.80h
  Episodes:    360,960 | Grad steps:     44,608 | Buffer:  4,960,455
  Epsilon: 0.5122 | Loss: 0.0563 | LR: 3.00e-04
  Win rates (last 2,000): Red=41.9%  Blue=42.9%  Draw=15.3%
  Speed: 65 ep/s | Collect: 696ms | Train: 7177ms | GPU mem: 0.03 GB

[21:35:21] Elapsed 1.32h | Remaining 0.78h
  Episodes:    365,056 | Grad steps:     45,120 | Buffer:  5,018,882
  Epsilon: 0.5082 | Loss: 0.0587 | LR: 3.00e-04
  Win rates (last 2,000): Red=45.2%  Blue=38.0%  Draw=16.8%
  Speed: 65 ep/s | Collect: 697ms | Train: 7219ms | GPU mem: 0.03 GB

[21:36:28] Elapsed 1.33h | Remaining 0.77h
  Episodes:    369,152 | Grad steps:     45,632 | Buffer:  5,076,749
  Epsilon: 0.5043 | Loss: 0.0566 | LR: 3.00e-04
  Win rates (last 2,000): Red=43.4%  Blue=41.8%  Draw=14.8%
  Speed: 64 ep/s | Collect: 697ms | Train: 7256ms | GPU mem: 0.03 GB
  Checkpoint saved: checkpoints_spark/latest.pt

[21:37:35] Elapsed 1.35h | Remaining 0.75h
  Episodes:    373,248 | Grad steps:     46,144 | Buffer:  5,135,162
  Epsilon: 0.5005 | Loss: 0.0567 | LR: 3.00e-04
  Win rates (last 2,000): Red=41.9%  Blue=41.8%  Draw=16.4%
  Speed: 64 ep/s | Collect: 697ms | Train: 7299ms | GPU mem: 0.03 GB

[21:38:43] Elapsed 1.37h | Remaining 0.73h
  Episodes:    377,344 | Grad steps:     46,656 | Buffer:  5,193,403
  Epsilon: 0.4967 | Loss: 0.0567 | LR: 3.00e-04
  Win rates (last 2,000): Red=42.2%  Blue=42.2%  Draw=15.6%
  Speed: 64 ep/s | Collect: 698ms | Train: 7335ms | GPU mem: 0.03 GB

[21:39:51] Elapsed 1.39h | Remaining 0.71h
  Episodes:    381,440 | Grad steps:     47,168 | Buffer:  5,251,817
  Epsilon: 0.4929 | Loss: 0.0567 | LR: 3.00e-04
  Win rates (last 2,000): Red=43.4%  Blue=41.9%  Draw=14.8%
  Speed: 63 ep/s | Collect: 699ms | Train: 7377ms | GPU mem: 0.03 GB

[21:40:58] Elapsed 1.41h | Remaining 0.69h
  Episodes:    385,536 | Grad steps:     47,680 | Buffer:  5,309,973
  Epsilon: 0.4891 | Loss: 0.0555 | LR: 3.00e-04
  Win rates (last 2,000): Red=43.9%  Blue=40.1%  Draw=16.1%
  Speed: 63 ep/s | Collect: 700ms | Train: 7406ms | GPU mem: 0.03 GB

[21:42:05] Elapsed 1.43h | Remaining 0.67h
  Episodes:    389,632 | Grad steps:     48,192 | Buffer:  5,368,178
  Epsilon: 0.4853 | Loss: 0.0556 | LR: 3.00e-04
  Win rates (last 2,000): Red=41.9%  Blue=42.2%  Draw=15.8%
  Speed: 63 ep/s | Collect: 700ms | Train: 7437ms | GPU mem: 0.03 GB

[21:43:13] Elapsed 1.45h | Remaining 0.65h
  Episodes:    393,728 | Grad steps:     48,704 | Buffer:  5,426,312
  Epsilon: 0.4816 | Loss: 0.0574 | LR: 3.00e-04
  Win rates (last 2,000): Red=43.0%  Blue=43.4%  Draw=13.6%
  Speed: 63 ep/s | Collect: 700ms | Train: 7472ms | GPU mem: 0.03 GB

[21:44:13] Elapsed 1.46h | Remaining 0.64h
  Episodes:    397,312 | Grad steps:     49,152 | Buffer:  5,476,844
  Epsilon: 0.4784 | Loss: 0.0566 | LR: 3.00e-04
  Win rates (last 2,000): Red=43.7%  Blue=41.9%  Draw=14.3%
  Speed: 62 ep/s | Collect: 700ms | Train: 7505ms | GPU mem: 0.03 GB

[21:45:13] Elapsed 1.48h | Remaining 0.62h
  Episodes:    400,896 | Grad steps:     49,600 | Buffer:  5,527,568
  Epsilon: 0.4752 | Loss: 0.0564 | LR: 3.00e-04
  Win rates (last 2,000): Red=43.7%  Blue=41.9%  Draw=14.4%
  Speed: 62 ep/s | Collect: 701ms | Train: 7534ms | GPU mem: 0.03 GB

[21:46:21] Elapsed 1.50h | Remaining 0.60h
  Episodes:    404,992 | Grad steps:     50,112 | Buffer:  5,585,209
  Epsilon: 0.4716 | Loss: 0.0575 | LR: 3.00e-04
  Win rates (last 2,000): Red=44.1%  Blue=41.2%  Draw=14.6%
  Speed: 62 ep/s | Collect: 700ms | Train: 7566ms | GPU mem: 0.03 GB
  Checkpoint saved: checkpoints_spark/latest.pt

[21:47:30] Elapsed 1.52h | Remaining 0.58h
  Episodes:    409,088 | Grad steps:     50,624 | Buffer:  5,643,791
  Epsilon: 0.4680 | Loss: 0.0561 | LR: 3.00e-04
  Win rates (last 2,000): Red=47.3%  Blue=39.2%  Draw=13.5%
  Speed: 62 ep/s | Collect: 700ms | Train: 7604ms | GPU mem: 0.03 GB

[21:48:31] Elapsed 1.53h | Remaining 0.57h
  Episodes:    412,672 | Grad steps:     51,072 | Buffer:  5,694,439
  Epsilon: 0.4648 | Loss: 0.0570 | LR: 3.00e-04
  Win rates (last 2,000): Red=46.0%  Blue=39.2%  Draw=14.8%
  Speed: 61 ep/s | Collect: 701ms | Train: 7633ms | GPU mem: 0.03 GB

[21:49:32] Elapsed 1.55h | Remaining 0.55h
  Episodes:    416,256 | Grad steps:     51,520 | Buffer:  5,744,903
  Epsilon: 0.4617 | Loss: 0.0569 | LR: 3.00e-04
  Win rates (last 2,000): Red=48.4%  Blue=38.8%  Draw=12.8%
  Speed: 61 ep/s | Collect: 701ms | Train: 7660ms | GPU mem: 0.03 GB

[21:50:34] Elapsed 1.57h | Remaining 0.53h
  Episodes:    419,840 | Grad steps:     51,968 | Buffer:  5,795,391
  Epsilon: 0.4586 | Loss: 0.0549 | LR: 3.00e-04
  Win rates (last 2,000): Red=45.9%  Blue=41.0%  Draw=13.1%
  Speed: 61 ep/s | Collect: 701ms | Train: 7686ms | GPU mem: 0.03 GB

[21:51:34] Elapsed 1.59h | Remaining 0.51h
  Episodes:    423,424 | Grad steps:     52,416 | Buffer:  5,846,221
  Epsilon: 0.4556 | Loss: 0.0556 | LR: 3.00e-04
  Win rates (last 2,000): Red=46.5%  Blue=39.9%  Draw=13.7%
  Speed: 61 ep/s | Collect: 700ms | Train: 7706ms | GPU mem: 0.03 GB

[21:52:36] Elapsed 1.60h | Remaining 0.50h
  Episodes:    427,008 | Grad steps:     52,864 | Buffer:  5,897,367
  Epsilon: 0.4525 | Loss: 0.0564 | LR: 3.00e-04
  Win rates (last 2,000): Red=47.4%  Blue=40.2%  Draw=12.3%
  Speed: 61 ep/s | Collect: 701ms | Train: 7736ms | GPU mem: 0.03 GB

[21:53:38] Elapsed 1.62h | Remaining 0.48h
  Episodes:    430,592 | Grad steps:     53,312 | Buffer:  5,948,119
  Epsilon: 0.4495 | Loss: 0.0549 | LR: 2.99e-04
  Win rates (last 2,000): Red=47.0%  Blue=39.0%  Draw=14.1%
  Speed: 60 ep/s | Collect: 700ms | Train: 7766ms | GPU mem: 0.03 GB

[21:54:39] Elapsed 1.64h | Remaining 0.46h
  Episodes:    434,176 | Grad steps:     53,760 | Buffer:  5,998,957
  Epsilon: 0.4465 | Loss: 0.0551 | LR: 2.99e-04
  Win rates (last 2,000): Red=45.4%  Blue=41.2%  Draw=13.5%
  Speed: 60 ep/s | Collect: 701ms | Train: 7783ms | GPU mem: 0.03 GB

[21:55:42] Elapsed 1.65h | Remaining 0.45h
  Episodes:    437,760 | Grad steps:     54,208 | Buffer:  6,049,634
  Epsilon: 0.4435 | Loss: 0.0568 | LR: 2.99e-04
  Win rates (last 2,000): Red=46.2%  Blue=40.8%  Draw=13.1%
  Speed: 60 ep/s | Collect: 700ms | Train: 7805ms | GPU mem: 0.03 GB

[21:56:43] Elapsed 1.67h | Remaining 0.43h
  Episodes:    441,344 | Grad steps:     54,656 | Buffer:  6,100,394
  Epsilon: 0.4405 | Loss: 0.0560 | LR: 2.99e-04
  Win rates (last 2,000): Red=46.9%  Blue=39.9%  Draw=13.3%
  Speed: 60 ep/s | Collect: 700ms | Train: 7827ms | GPU mem: 0.03 GB
  Checkpoint saved: checkpoints_spark/latest.pt

[21:57:46] Elapsed 1.69h | Remaining 0.41h
  Episodes:    444,928 | Grad steps:     55,104 | Buffer:  6,150,987
  Epsilon: 0.4375 | Loss: 0.0578 | LR: 2.99e-04
  Win rates (last 2,000): Red=47.1%  Blue=40.0%  Draw=12.9%
  Speed: 60 ep/s | Collect: 700ms | Train: 7853ms | GPU mem: 0.03 GB

[21:58:48] Elapsed 1.71h | Remaining 0.39h
  Episodes:    448,512 | Grad steps:     55,552 | Buffer:  6,201,555
  Epsilon: 0.4346 | Loss: 0.0561 | LR: 2.99e-04
  Win rates (last 2,000): Red=46.5%  Blue=42.0%  Draw=11.6%
  Speed: 60 ep/s | Collect: 700ms | Train: 7875ms | GPU mem: 0.03 GB

[21:59:50] Elapsed 1.72h | Remaining 0.38h
  Episodes:    452,096 | Grad steps:     56,000 | Buffer:  6,252,074
  Epsilon: 0.4317 | Loss: 0.0558 | LR: 2.99e-04
  Win rates (last 2,000): Red=44.5%  Blue=42.5%  Draw=13.0%
  Speed: 60 ep/s | Collect: 700ms | Train: 7901ms | GPU mem: 0.03 GB

[22:00:53] Elapsed 1.74h | Remaining 0.36h
  Episodes:    455,680 | Grad steps:     56,448 | Buffer:  6,302,577
  Epsilon: 0.4288 | Loss: 0.0568 | LR: 2.99e-04
  Win rates (last 2,000): Red=44.5%  Blue=42.9%  Draw=12.7%
  Speed: 59 ep/s | Collect: 700ms | Train: 7921ms | GPU mem: 0.03 GB

[22:01:56] Elapsed 1.76h | Remaining 0.34h
  Episodes:    459,264 | Grad steps:     56,896 | Buffer:  6,352,955
  Epsilon: 0.4259 | Loss: 0.0554 | LR: 2.99e-04
  Win rates (last 2,000): Red=46.2%  Blue=39.6%  Draw=14.1%
  Speed: 59 ep/s | Collect: 700ms | Train: 7942ms | GPU mem: 0.03 GB

[22:02:57] Elapsed 1.78h | Remaining 0.32h
  Episodes:    462,848 | Grad steps:     57,344 | Buffer:  6,403,464
  Epsilon: 0.4231 | Loss: 0.0568 | LR: 2.99e-04
  Win rates (last 2,000): Red=45.1%  Blue=42.5%  Draw=12.3%
  Speed: 59 ep/s | Collect: 700ms | Train: 7956ms | GPU mem: 0.03 GB

[22:04:01] Elapsed 1.79h | Remaining 0.31h
  Episodes:    466,432 | Grad steps:     57,792 | Buffer:  6,453,615
  Epsilon: 0.4203 | Loss: 0.0558 | LR: 2.99e-04
  Win rates (last 2,000): Red=47.3%  Blue=42.0%  Draw=10.7%
  Speed: 59 ep/s | Collect: 700ms | Train: 7977ms | GPU mem: 0.03 GB

[22:05:04] Elapsed 1.81h | Remaining 0.29h
  Episodes:    470,016 | Grad steps:     58,240 | Buffer:  6,504,015
  Epsilon: 0.4174 | Loss: 0.0567 | LR: 2.99e-04
  Win rates (last 2,000): Red=45.9%  Blue=42.4%  Draw=11.8%
  Speed: 59 ep/s | Collect: 701ms | Train: 7998ms | GPU mem: 0.03 GB

[22:06:07] Elapsed 1.83h | Remaining 0.27h
  Episodes:    473,600 | Grad steps:     58,688 | Buffer:  6,554,740
  Epsilon: 0.4146 | Loss: 0.0562 | LR: 2.99e-04
  Win rates (last 2,000): Red=48.1%  Blue=39.2%  Draw=12.6%
  Speed: 59 ep/s | Collect: 700ms | Train: 8018ms | GPU mem: 0.03 GB
  Checkpoint saved: checkpoints_spark/latest.pt

[22:07:11] Elapsed 1.85h | Remaining 0.25h
  Episodes:    477,184 | Grad steps:     59,136 | Buffer:  6,604,758
  Epsilon: 0.4119 | Loss: 0.0560 | LR: 2.99e-04
  Win rates (last 2,000): Red=45.0%  Blue=43.2%  Draw=11.8%
  Speed: 59 ep/s | Collect: 700ms | Train: 8045ms | GPU mem: 0.03 GB

[22:08:15] Elapsed 1.86h | Remaining 0.24h
  Episodes:    480,768 | Grad steps:     59,584 | Buffer:  6,655,245
  Epsilon: 0.4091 | Loss: 0.0551 | LR: 2.99e-04
  Win rates (last 2,000): Red=45.2%  Blue=42.4%  Draw=12.4%
  Speed: 58 ep/s | Collect: 700ms | Train: 8069ms | GPU mem: 0.03 GB

[22:09:19] Elapsed 1.88h | Remaining 0.22h
  Episodes:    484,352 | Grad steps:     60,032 | Buffer:  6,705,673
  Epsilon: 0.4064 | Loss: 0.0571 | LR: 2.99e-04
  Win rates (last 2,000): Red=47.1%  Blue=41.9%  Draw=11.0%
  Speed: 58 ep/s | Collect: 700ms | Train: 8092ms | GPU mem: 0.03 GB

[22:10:23] Elapsed 1.90h | Remaining 0.20h
  Episodes:    487,936 | Grad steps:     60,480 | Buffer:  6,755,990
  Epsilon: 0.4037 | Loss: 0.0595 | LR: 2.99e-04
  Win rates (last 2,000): Red=48.3%  Blue=41.4%  Draw=10.2%
  Speed: 58 ep/s | Collect: 700ms | Train: 8117ms | GPU mem: 0.03 GB

[22:11:28] Elapsed 1.92h | Remaining 0.18h
  Episodes:    491,520 | Grad steps:     60,928 | Buffer:  6,806,308
  Epsilon: 0.4009 | Loss: 0.0573 | LR: 2.99e-04
  Win rates (last 2,000): Red=47.1%  Blue=40.4%  Draw=12.5%
  Speed: 58 ep/s | Collect: 700ms | Train: 8152ms | GPU mem: 0.03 GB

[22:12:33] Elapsed 1.94h | Remaining 0.16h
  Episodes:    495,104 | Grad steps:     61,376 | Buffer:  6,856,391
  Epsilon: 0.3983 | Loss: 0.0563 | LR: 2.99e-04
  Win rates (last 2,000): Red=46.4%  Blue=43.0%  Draw=10.7%
  Speed: 58 ep/s | Collect: 700ms | Train: 8182ms | GPU mem: 0.03 GB

[22:13:37] Elapsed 1.95h | Remaining 0.15h
  Episodes:    498,688 | Grad steps:     61,824 | Buffer:  6,906,628
  Epsilon: 0.3956 | Loss: 0.0577 | LR: 2.99e-04
  Win rates (last 2,000): Red=45.3%  Blue=43.8%  Draw=10.9%
  Speed: 58 ep/s | Collect: 700ms | Train: 8197ms | GPU mem: 0.03 GB

[22:14:41] Elapsed 1.97h | Remaining 0.13h
  Episodes:    502,272 | Grad steps:     62,272 | Buffer:  6,957,162
  Epsilon: 0.3929 | Loss: 0.0584 | LR: 2.99e-04
  Win rates (last 2,000): Red=47.6%  Blue=42.3%  Draw=10.1%
  Speed: 57 ep/s | Collect: 700ms | Train: 8218ms | GPU mem: 0.03 GB

[22:15:46] Elapsed 1.99h | Remaining 0.11h
  Episodes:    505,856 | Grad steps:     62,720 | Buffer:  7,007,115
  Epsilon: 0.3903 | Loss: 0.0583 | LR: 2.99e-04
  Win rates (last 2,000): Red=46.7%  Blue=42.8%  Draw=10.5%
  Speed: 57 ep/s | Collect: 699ms | Train: 8246ms | GPU mem: 0.03 GB

[22:16:52] Elapsed 2.01h | Remaining 0.09h
  Episodes:    509,440 | Grad steps:     63,168 | Buffer:  7,057,507
  Epsilon: 0.3877 | Loss: 0.0584 | LR: 2.99e-04
  Win rates (last 2,000): Red=46.3%  Blue=43.0%  Draw=10.7%
  Speed: 57 ep/s | Collect: 701ms | Train: 8278ms | GPU mem: 0.03 GB
  Checkpoint saved: checkpoints_spark/latest.pt

[22:17:57] Elapsed 2.03h | Remaining 0.07h
  Episodes:    513,024 | Grad steps:     63,616 | Buffer:  7,107,771
  Epsilon: 0.3851 | Loss: 0.0569 | LR: 2.99e-04
  Win rates (last 2,000): Red=44.8%  Blue=43.3%  Draw=11.9%
  Speed: 57 ep/s | Collect: 700ms | Train: 8296ms | GPU mem: 0.03 GB

[22:19:03] Elapsed 2.04h | Remaining 0.06h
  Episodes:    516,608 | Grad steps:     64,064 | Buffer:  7,158,059
  Epsilon: 0.3825 | Loss: 0.0574 | LR: 2.99e-04
  Win rates (last 2,000): Red=45.1%  Blue=44.0%  Draw=10.9%
  Speed: 57 ep/s | Collect: 701ms | Train: 8324ms | GPU mem: 0.03 GB

[22:20:09] Elapsed 2.06h | Remaining 0.04h
  Episodes:    520,192 | Grad steps:     64,512 | Buffer:  7,207,908
  Epsilon: 0.3800 | Loss: 0.0558 | LR: 2.99e-04
  Win rates (last 2,000): Red=48.5%  Blue=41.2%  Draw=10.2%
  Speed: 57 ep/s | Collect: 700ms | Train: 8345ms | GPU mem: 0.03 GB

[22:21:15] Elapsed 2.08h | Remaining 0.02h
  Episodes:    523,776 | Grad steps:     64,960 | Buffer:  7,257,595
  Epsilon: 0.3774 | Loss: 0.0557 | LR: 2.99e-04
  Win rates (last 2,000): Red=45.2%  Blue=44.8%  Draw=10.0%
  Speed: 56 ep/s | Collect: 701ms | Train: 8364ms | GPU mem: 0.03 GB

[22:22:20] Elapsed 2.10h | Remaining 0.00h
  Episodes:    527,360 | Grad steps:     65,408 | Buffer:  7,308,051
  Epsilon: 0.3749 | Loss: 0.0569 | LR: 2.99e-04
  Win rates (last 2,000): Red=48.5%  Blue=41.0%  Draw=10.4%
  Speed: 56 ep/s | Collect: 701ms | Train: 8388ms | GPU mem: 0.03 GB
  Checkpoint saved: checkpoints_spark/final.pt

========================================================================
  Training complete: 2.10 h
  Total episodes     : 527,872
  Total grad steps   : 65,472
  Final epsilon      : 0.3745
  Final avg loss     : 0.0580
  Checkpoints in     : checkpoints_spark/
========================================================================

========================================================================
  POST-TRAINING STRATEGY ANALYSIS
========================================================================

[Greedy self-play, 2000 games]
  First player  (RED)  wins:  2000  (100.0%)
  Second player (BLUE) wins:     0  (0.0%)
  Draws                    :     0  (0.0%)

  Insight: RED (first player) has a significant ADVANTAGE — going first is crucial in this configuration.

[Best opening moves from empty board — Q-values by position and size]

  Rank  Position   Size   Q-value   
  -----------------------------------
  1     (2,0)      M      +14.2612
  2     (0,1)      M      +13.8245
  3     (0,1)      L      +13.2464
  4     (0,1)      S      +12.2502
  5     (1,1)      L      +12.0966
  6     (2,2)      M      +11.5727
  7     (0,2)      L      +11.1860
  8     (1,0)      S      +11.1043
  9     (2,2)      S      +10.9527
  10    (2,2)      L      +10.3647

[Q-value heatmap for LARGE pieces from empty board]
  (higher = agent prefers this cell for its first large piece)

  +9.999  +13.246  +11.186  
  +9.060  +12.097  +5.834  
  +5.757  +6.107  +10.365  

[Summary: Best strategies]
  STARTING FIRST  — Best opening: play a MEDIUM piece at bottom-left corner
  STARTING SECOND — React to opponent's opening; the agent's top counter-moves
                    depend on the specific first move.

  Top 3 opening moves (by Q-value):
    1. bot-left — Medium piece  (Q=+14.2612)
    2. top-mid — Medium piece  (Q=+13.8245)
    3. top-mid — Large piece  (Q=+13.2464)

========================================================================

Done. Final checkpoint: checkpoints_spark/final.pt
TensorBoard logs     : logs_spark/
To view logs: tensorboard --logdir logs_spark
To play vs agent: python play.py --checkpoint checkpoints_spark/final.pt
